
> sukull@0.1.0 build
> npm run lint:fix && next build


> sukull@0.1.0 lint:fix
> next lint --fix

✔ No ESLint warnings or errors
  ▲ Next.js 14.2.24
  - Environments: .env
  - Experiments (use with caution):
    · optimizeCss

   Creating an optimized production build ...
npm : uncaughtException [Error: EPERM: operation not permitted, open 
'C:\src\FlutterProjects\sukull.com\.next\trace'] {
At line:1 char:1
+ npm run build > build_output.txt 2>&1; echo "Exit code: $LASTEXITCODE ...
+ ~~~~~~~~~~~~~~~~~~~~~~~~~~~~~~~~~~~~~
    + CategoryInfo          : NotSpecified: (uncaughtExcepti....next\trace'] {:String) [], RemoteException
    + FullyQualifiedErrorId : NativeCommandError
 
  errno: -4048,
  code: 'EPERM',
  syscall: 'open',
  path: 'C:\\src\\FlutterProjects\\sukull.com\\.next\\trace'
}
